SQL> --
SQL> -- Author: Brandon Conn
SQL> --
SQL> -- IMPORTANT: use the names IC-1, IC-2, etc. as given below.
SQL> -- --------------------------------------------------------------------
SQL> -- The two DROP commands below are placed here for convenience in
SQL> -- order to drop the tables if they exist. If the tables don't
SQL> -- exist, you'll get an error - just ignore the error.
SQL> --
SQL> DROP TABLE Orders CASCADE CONSTRAINTS;
DROP TABLE Orders CASCADE CONSTRAINTS
           *
ERROR at line 1:
ORA-00942: table or view does not exist 


SQL> DROP TABLE OrderLine CASCADE CONSTRAINTS;
DROP TABLE OrderLine CASCADE CONSTRAINTS
           *
ERROR at line 1:
ORA-00942: table or view does not exist 


SQL> --
SQL> CREATE TABLE Orders
  2  (
  3  orderNum INTEGER PRIMARY KEY,
  4  priority CHAR(10) NOT NULL,
  5  cost INTEGER NOT NULL,
  6  /*
  7  IC1: The priority is one of: high, medium, or low
  8  */
  9  CONSTRAINT IC1 CHECK (priority = 'high' OR priority = 'medium' OR priority = 'low'),
 10  /*
 11  IC2: The cost of a high priority order is above 2000.
 12  */
 13  CONSTRAINT IC2 CHECK (NOT (cost <= 2000 AND priority = 'high')),
 14  /*
 15  IC3: The cost of a medium priority order is between 800 and 2200 (inclusive).
 16  */
 17  CONSTRAINT IC3 CHECK (NOT ((cost < 800 AND priority = 'medium') OR (cost > 2200 AND priority = 'medium'))),
 18  /*
 19  IC4: The cost of a low priority order is less than 1000.
 20  */
 21  CONSTRAINT IC4 CHECK (NOT (cost >= 1000 AND priority = 'low'))
 22  );

Table created.

SQL> --
SQL> --
SQL> CREATE TABLE OrderLine
  2  (
  3  orderNum INTEGER,
  4  lineNum INTEGER,
  5  item CHAR (10) NOT NULL,
  6  quantity INTEGER,
  7  PRIMARY KEY (orderNum, lineNum),
  8  /*
  9  IC5: Every order line must belong to an order in the Order table.
 10  Also: if an order is deleted then all its order lines must be deleted.
 11  IMPORTANT: DO NOT declare this IC as DEFERRABLE.
 12  */
 13  CONSTRAINT IC5
 14  	     FOREIGN KEY (orderNum)
 15  	     REFERENCES Orders(orderNum)
 16  	     ON DELETE CASCADE
 17  );

Table created.

SQL> --
SQL> -- ----------------------------------------------------------------
SQL> -- TESTING THE SCHEMA
SQL> -- ----------------------------------------------------------------
SQL> INSERT INTO Orders VALUES (10, 'high', 2400);

1 row created.

SQL> INSERT INTO Orders VALUES (20, 'high', 1900);
INSERT INTO Orders VALUES (20, 'high', 1900)
*
ERROR at line 1:
ORA-02290: check constraint (CONNB.IC2) violated 


SQL> INSERT INTO Orders VALUES (30, 'high', 2100);

1 row created.

SQL>  h05-DDL.doc Page 3 of 3
SP2-0734: unknown command beginning "h05-DDL.do..." - rest of line ignored.
SQL> INSERT INTO Orders VALUES (40, 'medium', 700);
INSERT INTO Orders VALUES (40, 'medium', 700)
*
ERROR at line 1:
ORA-02290: check constraint (CONNB.IC3) violated 


SQL> INSERT INTO Orders VALUES (50, 'low', 1100);
INSERT INTO Orders VALUES (50, 'low', 1100)
*
ERROR at line 1:
ORA-02290: check constraint (CONNB.IC4) violated 


SQL> INSERT INTO Orders VALUES (60, 'low', 900);

1 row created.

SQL> SELECT * from Orders;

  ORDERNUM PRIORITY         COST                                                
---------- ---------- ----------                                                
        10 high             2400                                                
        30 high             2100                                                
        60 low               900                                                

SQL> -- ----------------------------------------------------------------
SQL> INSERT INTO OrderLine VALUES (10, 1, 'AAA', 200);

1 row created.

SQL> INSERT INTO OrderLine VALUES (10, 2, 'BBB', 300);

1 row created.

SQL> INSERT INTO OrderLine VALUES (60, 1, 'CCC', 5);

1 row created.

SQL> INSERT INTO OrderLine VALUES (15, 1, 'AAA', 7);
INSERT INTO OrderLine VALUES (15, 1, 'AAA', 7)
*
ERROR at line 1:
ORA-02291: integrity constraint (CONNB.IC5) violated - parent key not found 


SQL> SELECT * FROM OrderLine;

  ORDERNUM    LINENUM ITEM         QUANTITY                                     
---------- ---------- ---------- ----------                                     
        10          1 AAA               200                                     
        10          2 BBB               300                                     
        60          1 CCC                 5                                     

SQL> --
SQL> DELETE FROM Orders WHERE orderNum = 10;

1 row deleted.

SQL> SELECT * From Orders;

  ORDERNUM PRIORITY         COST                                                
---------- ---------- ----------                                                
        30 high             2100                                                
        60 low               900                                                

SQL> SELECT * FROM OrderLine;

  ORDERNUM    LINENUM ITEM         QUANTITY                                     
---------- ---------- ---------- ----------                                     
        60          1 CCC                 5                                     

SQL> --
SQL> SET ECHO OFF
